// Jest Snapshot v1, https://goo.gl/fbAQLP

exports[`<DefaultButton /> 테스트 snapshot test 1`] = `
<div>
  <button
    class="btn px-4 py-2 text-base   "
    type="submit"
  >
    버튼
  </button>
</div>
`;
